Archive member included because of file (symbol)

c:/winavr-20100110/bin/../lib/gcc/avr/4.3.3/avr5\libgcc.a(_exit.o)
                              c:/winavr-20100110/bin/../lib/gcc/avr/4.3.3/../../../../avr/lib/avr5/crtm328p.o (exit)
c:/winavr-20100110/bin/../lib/gcc/avr/4.3.3/avr5\libgcc.a(_clear_bss.o)
                              obj\Debug\Appmode.o (__do_clear_bss)

Allocating common symbols
Common symbol       size              file

t                   0x2               obj\Debug\Appmode.o
FLAG_BIT            0x1               obj\Debug\main.o

Memory Configuration

Name             Origin             Length             Attributes
text             0x00000000         0x00020000         xr
data             0x00800060         0x0000ffa0         rw !x
eeprom           0x00810000         0x00010000         rw !x
fuse             0x00820000         0x00000400         rw !x
lock             0x00830000         0x00000400         rw !x
signature        0x00840000         0x00000400         rw !x
*default*        0x00000000         0xffffffff

Linker script and memory map

Address of section .data set to 0x800100
LOAD c:/winavr-20100110/bin/../lib/gcc/avr/4.3.3/../../../../avr/lib/avr5/crtm328p.o
LOAD obj\Debug\Appmode.o
LOAD obj\Debug\fuse.o
LOAD obj\Debug\GPIO.o
LOAD obj\Debug\interrupt.o
LOAD obj\Debug\main.o
LOAD c:/winavr-20100110/bin/../lib/gcc/avr/4.3.3/avr5\libgcc.a
LOAD C:\WinAVR-20100110\avr\lib\libc.a
LOAD c:/winavr-20100110/bin/../lib/gcc/avr/4.3.3/avr5\libgcc.a

.hash
 *(.hash)

.dynsym
 *(.dynsym)

.dynstr
 *(.dynstr)

.gnu.version
 *(.gnu.version)

.gnu.version_d
 *(.gnu.version_d)

.gnu.version_r
 *(.gnu.version_r)

.rel.init
 *(.rel.init)

.rela.init
 *(.rela.init)

.rel.text
 *(.rel.text)
 *(.rel.text.*)
 *(.rel.gnu.linkonce.t*)

.rela.text
 *(.rela.text)
 *(.rela.text.*)
 *(.rela.gnu.linkonce.t*)

.rel.fini
 *(.rel.fini)

.rela.fini
 *(.rela.fini)

.rel.rodata
 *(.rel.rodata)
 *(.rel.rodata.*)
 *(.rel.gnu.linkonce.r*)

.rela.rodata
 *(.rela.rodata)
 *(.rela.rodata.*)
 *(.rela.gnu.linkonce.r*)

.rel.data
 *(.rel.data)
 *(.rel.data.*)
 *(.rel.gnu.linkonce.d*)

.rela.data
 *(.rela.data)
 *(.rela.data.*)
 *(.rela.gnu.linkonce.d*)

.rel.ctors
 *(.rel.ctors)

.rela.ctors
 *(.rela.ctors)

.rel.dtors
 *(.rel.dtors)

.rela.dtors
 *(.rela.dtors)

.rel.got
 *(.rel.got)

.rela.got
 *(.rela.got)

.rel.bss
 *(.rel.bss)

.rela.bss
 *(.rela.bss)

.rel.plt
 *(.rel.plt)

.rela.plt
 *(.rela.plt)

.text           0x00000000      0x3ce
 *(.vectors)
 .vectors       0x00000000       0x68 c:/winavr-20100110/bin/../lib/gcc/avr/4.3.3/../../../../avr/lib/avr5/crtm328p.o
                0x00000000                __vectors
                0x00000000                __vector_default
 *(.vectors)
 *(.progmem.gcc*)
 *(.progmem*)
                0x00000068                . = ALIGN (0x2)
                0x00000068                __trampolines_start = .
 *(.trampolines)
 .trampolines   0x00000068        0x0 linker stubs
 *(.trampolines*)
                0x00000068                __trampolines_end = .
 *(.jumptables)
 *(.jumptables*)
 *(.lowtext)
 *(.lowtext*)
                0x00000068                __ctors_start = .
 *(.ctors)
                0x00000068                __ctors_end = .
                0x00000068                __dtors_start = .
 *(.dtors)
                0x00000068                __dtors_end = .
 SORT(*)(.ctors)
 SORT(*)(.dtors)
 *(.init0)
 .init0         0x00000068        0x0 c:/winavr-20100110/bin/../lib/gcc/avr/4.3.3/../../../../avr/lib/avr5/crtm328p.o
                0x00000068                __init
 *(.init0)
 *(.init1)
 *(.init1)
 *(.init2)
 .init2         0x00000068        0xc c:/winavr-20100110/bin/../lib/gcc/avr/4.3.3/../../../../avr/lib/avr5/crtm328p.o
 *(.init2)
 *(.init3)
 *(.init3)
 *(.init4)
 .init4         0x00000074       0x10 c:/winavr-20100110/bin/../lib/gcc/avr/4.3.3/avr5\libgcc.a(_clear_bss.o)
                0x00000074                __do_clear_bss
 *(.init4)
 *(.init5)
 *(.init5)
 *(.init6)
 *(.init6)
 *(.init7)
 *(.init7)
 *(.init8)
 *(.init8)
 *(.init9)
 .init9         0x00000084        0x8 c:/winavr-20100110/bin/../lib/gcc/avr/4.3.3/../../../../avr/lib/avr5/crtm328p.o
 *(.init9)
 *(.text)
 .text          0x0000008c        0x4 c:/winavr-20100110/bin/../lib/gcc/avr/4.3.3/../../../../avr/lib/avr5/crtm328p.o
                0x0000008c                __vector_22
                0x0000008c                __vector_24
                0x0000008c                __vector_12
                0x0000008c                __bad_interrupt
                0x0000008c                __vector_6
                0x0000008c                __vector_3
                0x0000008c                __vector_23
                0x0000008c                __vector_25
                0x0000008c                __vector_11
                0x0000008c                __vector_13
                0x0000008c                __vector_17
                0x0000008c                __vector_19
                0x0000008c                __vector_7
                0x0000008c                __vector_5
                0x0000008c                __vector_4
                0x0000008c                __vector_21
                0x0000008c                __vector_15
                0x0000008c                __vector_8
                0x0000008c                __vector_14
                0x0000008c                __vector_10
                0x0000008c                __vector_16
                0x0000008c                __vector_18
                0x0000008c                __vector_20
 .text          0x00000090       0xdc obj\Debug\Appmode.o
                0x00000090                manualmode
                0x00000154                standbymode
                0x000000a8                automode
 .text          0x0000016c        0x0 obj\Debug\fuse.o
 .text          0x0000016c       0xa8 obj\Debug\GPIO.o
                0x0000016c                GPIOConfig
                0x000001e0                GPIOPinWrite
                0x000001a6                GPIOPinRead
 .text          0x00000214       0x8e obj\Debug\interrupt.o
                0x00000214                Enable_input_interrupt
                0x00000264                Enable_PWMout
                0x00000288                Enable_ADC
                0x0000023e                Enable_timer2_interrpt
 .text          0x000002a2      0x128 obj\Debug\main.o
                0x000002a2                __vector_1
                0x00000358                main
                0x00000306                __vector_9
                0x000002d2                __vector_2
 .text          0x000003ca        0x0 c:/winavr-20100110/bin/../lib/gcc/avr/4.3.3/avr5\libgcc.a(_exit.o)
 .text          0x000003ca        0x0 c:/winavr-20100110/bin/../lib/gcc/avr/4.3.3/avr5\libgcc.a(_clear_bss.o)
                0x000003ca                . = ALIGN (0x2)
 *(.text.*)
 .text.libgcc   0x000003ca        0x0 c:/winavr-20100110/bin/../lib/gcc/avr/4.3.3/avr5\libgcc.a(_exit.o)
 .text.libgcc   0x000003ca        0x0 c:/winavr-20100110/bin/../lib/gcc/avr/4.3.3/avr5\libgcc.a(_clear_bss.o)
                0x000003ca                . = ALIGN (0x2)
 *(.fini9)
 .fini9         0x000003ca        0x0 c:/winavr-20100110/bin/../lib/gcc/avr/4.3.3/avr5\libgcc.a(_exit.o)
                0x000003ca                exit
                0x000003ca                _exit
 *(.fini9)
 *(.fini8)
 *(.fini8)
 *(.fini7)
 *(.fini7)
 *(.fini6)
 *(.fini6)
 *(.fini5)
 *(.fini5)
 *(.fini4)
 *(.fini4)
 *(.fini3)
 *(.fini3)
 *(.fini2)
 *(.fini2)
 *(.fini1)
 *(.fini1)
 *(.fini0)
 .fini0         0x000003ca        0x4 c:/winavr-20100110/bin/../lib/gcc/avr/4.3.3/avr5\libgcc.a(_exit.o)
 *(.fini0)
                0x000003ce                _etext = .

.data           0x00800100        0x0 load address 0x000003ce
                0x00800100                PROVIDE (__data_start, .)
 *(.data)
 .data          0x00800100        0x0 c:/winavr-20100110/bin/../lib/gcc/avr/4.3.3/../../../../avr/lib/avr5/crtm328p.o
 .data          0x00800100        0x0 obj\Debug\Appmode.o
 .data          0x00800100        0x0 obj\Debug\fuse.o
 .data          0x00800100        0x0 obj\Debug\GPIO.o
 .data          0x00800100        0x0 obj\Debug\interrupt.o
 .data          0x00800100        0x0 obj\Debug\main.o
 .data          0x00800100        0x0 c:/winavr-20100110/bin/../lib/gcc/avr/4.3.3/avr5\libgcc.a(_exit.o)
 .data          0x00800100        0x0 c:/winavr-20100110/bin/../lib/gcc/avr/4.3.3/avr5\libgcc.a(_clear_bss.o)
 *(.data*)
 *(.rodata)
 *(.rodata*)
 *(.gnu.linkonce.d*)
                0x00800100                . = ALIGN (0x2)
                0x00800100                _edata = .
                0x00800100                PROVIDE (__data_end, .)

.bss            0x00800100        0xd
                0x00800100                PROVIDE (__bss_start, .)
 *(.bss)
 .bss           0x00800100        0x0 c:/winavr-20100110/bin/../lib/gcc/avr/4.3.3/../../../../avr/lib/avr5/crtm328p.o
 .bss           0x00800100        0x6 obj\Debug\Appmode.o
 .bss           0x00800106        0x0 obj\Debug\fuse.o
 .bss           0x00800106        0x2 obj\Debug\GPIO.o
 .bss           0x00800108        0x0 obj\Debug\interrupt.o
 .bss           0x00800108        0x2 obj\Debug\main.o
                0x00800108                counter
 .bss           0x0080010a        0x0 c:/winavr-20100110/bin/../lib/gcc/avr/4.3.3/avr5\libgcc.a(_exit.o)
 .bss           0x0080010a        0x0 c:/winavr-20100110/bin/../lib/gcc/avr/4.3.3/avr5\libgcc.a(_clear_bss.o)
 *(.bss*)
 *(COMMON)
 COMMON         0x0080010a        0x2 obj\Debug\Appmode.o
                0x0080010a                t
 COMMON         0x0080010c        0x1 obj\Debug\main.o
                0x0080010c                FLAG_BIT
                0x0080010d                PROVIDE (__bss_end, .)
                0x000003ce                __data_load_start = LOADADDR (.data)
                0x000003ce                __data_load_end = (__data_load_start + SIZEOF (.data))

.noinit         0x0080010d        0x0
                0x0080010d                PROVIDE (__noinit_start, .)
 *(.noinit*)
                0x0080010d                PROVIDE (__noinit_end, .)
                0x0080010d                _end = .
                0x0080010d                PROVIDE (__heap_start, .)

.eeprom         0x00810000        0x0
 *(.eeprom*)
                0x00810000                __eeprom_end = .

.fuse           0x00820000        0x3
 *(.fuse)
 .fuse          0x00820000        0x3 obj\Debug\fuse.o
                0x00820000                __fuse
 *(.lfuse)
 *(.hfuse)
 *(.efuse)

.lock
 *(.lock*)

.signature
 *(.signature*)

.stab
 *(.stab)

.stabstr
 *(.stabstr)

.stab.excl
 *(.stab.excl)

.stab.exclstr
 *(.stab.exclstr)

.stab.index
 *(.stab.index)

.stab.indexstr
 *(.stab.indexstr)

.comment
 *(.comment)

.debug
 *(.debug)

.line
 *(.line)

.debug_srcinfo
 *(.debug_srcinfo)

.debug_sfnames
 *(.debug_sfnames)

.debug_aranges  0x00000000       0x80
 *(.debug_aranges)
 .debug_aranges
                0x00000000       0x20 obj\Debug\Appmode.o
 .debug_aranges
                0x00000020       0x20 obj\Debug\GPIO.o
 .debug_aranges
                0x00000040       0x20 obj\Debug\interrupt.o
 .debug_aranges
                0x00000060       0x20 obj\Debug\main.o

.debug_pubnames
                0x00000000      0x16d
 *(.debug_pubnames)
 .debug_pubnames
                0x00000000       0x44 obj\Debug\Appmode.o
 .debug_pubnames
                0x00000044       0x1d obj\Debug\fuse.o
 .debug_pubnames
                0x00000061       0x42 obj\Debug\GPIO.o
 .debug_pubnames
                0x000000a3       0x69 obj\Debug\interrupt.o
 .debug_pubnames
                0x0000010c       0x61 obj\Debug\main.o

.debug_info     0x00000000      0x4ab
 *(.debug_info)
 .debug_info    0x00000000       0xec obj\Debug\Appmode.o
 .debug_info    0x000000ec       0xae obj\Debug\fuse.o
 .debug_info    0x0000019a      0x12e obj\Debug\GPIO.o
 .debug_info    0x000002c8       0xaa obj\Debug\interrupt.o
 .debug_info    0x00000372      0x139 obj\Debug\main.o
 *(.gnu.linkonce.wi.*)

.debug_abbrev   0x00000000      0x26b
 *(.debug_abbrev)
 .debug_abbrev  0x00000000       0x6a obj\Debug\Appmode.o
 .debug_abbrev  0x0000006a       0x73 obj\Debug\fuse.o
 .debug_abbrev  0x000000dd       0xa3 obj\Debug\GPIO.o
 .debug_abbrev  0x00000180       0x3d obj\Debug\interrupt.o
 .debug_abbrev  0x000001bd       0xae obj\Debug\main.o

.debug_line     0x00000000      0x560
 *(.debug_line)
 .debug_line    0x00000000      0x138 obj\Debug\Appmode.o
 .debug_line    0x00000138       0x75 obj\Debug\fuse.o
 .debug_line    0x000001ad       0xf3 obj\Debug\GPIO.o
 .debug_line    0x000002a0      0x14d obj\Debug\interrupt.o
 .debug_line    0x000003ed      0x173 obj\Debug\main.o

.debug_frame    0x00000000      0x120
 *(.debug_frame)
 .debug_frame   0x00000000       0x40 obj\Debug\Appmode.o
 .debug_frame   0x00000040       0x40 obj\Debug\GPIO.o
 .debug_frame   0x00000080       0x50 obj\Debug\interrupt.o
 .debug_frame   0x000000d0       0x50 obj\Debug\main.o

.debug_str      0x00000000      0x1da
 *(.debug_str)
 .debug_str     0x00000000       0xbf obj\Debug\Appmode.o
                                 0xf8 (size before relaxing)
 .debug_str     0x000000bf       0x25 obj\Debug\fuse.o
                                 0xd0 (size before relaxing)
 .debug_str     0x000000e4       0x42 obj\Debug\GPIO.o
                                 0xf7 (size before relaxing)
 .debug_str     0x00000126       0x53 obj\Debug\interrupt.o
                                 0xfe (size before relaxing)
 .debug_str     0x00000179       0x61 obj\Debug\main.o
                                0x11a (size before relaxing)

.debug_loc      0x00000000       0x6b
 *(.debug_loc)
 .debug_loc     0x00000000       0x6b obj\Debug\GPIO.o

.debug_macinfo
 *(.debug_macinfo)
OUTPUT(bin\Debug\CASE_STUDY.elf elf32-avr)
LOAD linker stubs

Cross Reference Table

Symbol                                            File
Enable_ADC                                        obj\Debug\interrupt.o
                                                  obj\Debug\main.o
Enable_PWMout                                     obj\Debug\interrupt.o
                                                  obj\Debug\main.o
Enable_input_interrupt                            obj\Debug\interrupt.o
                                                  obj\Debug\main.o
Enable_timer2_interrpt                            obj\Debug\interrupt.o
                                                  obj\Debug\main.o
FLAG_BIT                                          obj\Debug\main.o
GPIOConfig                                        obj\Debug\GPIO.o
                                                  obj\Debug\main.o
GPIOPinRead                                       obj\Debug\GPIO.o
GPIOPinWrite                                      obj\Debug\GPIO.o
                                                  obj\Debug\Appmode.o
__bad_interrupt                                   c:/winavr-20100110/bin/../lib/gcc/avr/4.3.3/../../../../avr/lib/avr5/crtm328p.o
__bss_end                                         c:/winavr-20100110/bin/../lib/gcc/avr/4.3.3/avr5\libgcc.a(_clear_bss.o)
__bss_start                                       c:/winavr-20100110/bin/../lib/gcc/avr/4.3.3/avr5\libgcc.a(_clear_bss.o)
__do_clear_bss                                    c:/winavr-20100110/bin/../lib/gcc/avr/4.3.3/avr5\libgcc.a(_clear_bss.o)
                                                  obj\Debug\main.o
                                                  obj\Debug\GPIO.o
                                                  obj\Debug\Appmode.o
__fuse                                            obj\Debug\fuse.o
__heap_end                                        c:/winavr-20100110/bin/../lib/gcc/avr/4.3.3/../../../../avr/lib/avr5/crtm328p.o
__init                                            c:/winavr-20100110/bin/../lib/gcc/avr/4.3.3/../../../../avr/lib/avr5/crtm328p.o
__stack                                           c:/winavr-20100110/bin/../lib/gcc/avr/4.3.3/../../../../avr/lib/avr5/crtm328p.o
__vector_1                                        obj\Debug\main.o
                                                  c:/winavr-20100110/bin/../lib/gcc/avr/4.3.3/../../../../avr/lib/avr5/crtm328p.o
__vector_10                                       c:/winavr-20100110/bin/../lib/gcc/avr/4.3.3/../../../../avr/lib/avr5/crtm328p.o
__vector_11                                       c:/winavr-20100110/bin/../lib/gcc/avr/4.3.3/../../../../avr/lib/avr5/crtm328p.o
__vector_12                                       c:/winavr-20100110/bin/../lib/gcc/avr/4.3.3/../../../../avr/lib/avr5/crtm328p.o
__vector_13                                       c:/winavr-20100110/bin/../lib/gcc/avr/4.3.3/../../../../avr/lib/avr5/crtm328p.o
__vector_14                                       c:/winavr-20100110/bin/../lib/gcc/avr/4.3.3/../../../../avr/lib/avr5/crtm328p.o
__vector_15                                       c:/winavr-20100110/bin/../lib/gcc/avr/4.3.3/../../../../avr/lib/avr5/crtm328p.o
__vector_16                                       c:/winavr-20100110/bin/../lib/gcc/avr/4.3.3/../../../../avr/lib/avr5/crtm328p.o
__vector_17                                       c:/winavr-20100110/bin/../lib/gcc/avr/4.3.3/../../../../avr/lib/avr5/crtm328p.o
__vector_18                                       c:/winavr-20100110/bin/../lib/gcc/avr/4.3.3/../../../../avr/lib/avr5/crtm328p.o
__vector_19                                       c:/winavr-20100110/bin/../lib/gcc/avr/4.3.3/../../../../avr/lib/avr5/crtm328p.o
__vector_2                                        obj\Debug\main.o
                                                  c:/winavr-20100110/bin/../lib/gcc/avr/4.3.3/../../../../avr/lib/avr5/crtm328p.o
__vector_20                                       c:/winavr-20100110/bin/../lib/gcc/avr/4.3.3/../../../../avr/lib/avr5/crtm328p.o
__vector_21                                       c:/winavr-20100110/bin/../lib/gcc/avr/4.3.3/../../../../avr/lib/avr5/crtm328p.o
__vector_22                                       c:/winavr-20100110/bin/../lib/gcc/avr/4.3.3/../../../../avr/lib/avr5/crtm328p.o
__vector_23                                       c:/winavr-20100110/bin/../lib/gcc/avr/4.3.3/../../../../avr/lib/avr5/crtm328p.o
__vector_24                                       c:/winavr-20100110/bin/../lib/gcc/avr/4.3.3/../../../../avr/lib/avr5/crtm328p.o
__vector_25                                       c:/winavr-20100110/bin/../lib/gcc/avr/4.3.3/../../../../avr/lib/avr5/crtm328p.o
__vector_3                                        c:/winavr-20100110/bin/../lib/gcc/avr/4.3.3/../../../../avr/lib/avr5/crtm328p.o
__vector_4                                        c:/winavr-20100110/bin/../lib/gcc/avr/4.3.3/../../../../avr/lib/avr5/crtm328p.o
__vector_5                                        c:/winavr-20100110/bin/../lib/gcc/avr/4.3.3/../../../../avr/lib/avr5/crtm328p.o
__vector_6                                        c:/winavr-20100110/bin/../lib/gcc/avr/4.3.3/../../../../avr/lib/avr5/crtm328p.o
__vector_7                                        c:/winavr-20100110/bin/../lib/gcc/avr/4.3.3/../../../../avr/lib/avr5/crtm328p.o
__vector_8                                        c:/winavr-20100110/bin/../lib/gcc/avr/4.3.3/../../../../avr/lib/avr5/crtm328p.o
__vector_9                                        obj\Debug\main.o
                                                  c:/winavr-20100110/bin/../lib/gcc/avr/4.3.3/../../../../avr/lib/avr5/crtm328p.o
__vector_default                                  c:/winavr-20100110/bin/../lib/gcc/avr/4.3.3/../../../../avr/lib/avr5/crtm328p.o
__vectors                                         c:/winavr-20100110/bin/../lib/gcc/avr/4.3.3/../../../../avr/lib/avr5/crtm328p.o
_exit                                             c:/winavr-20100110/bin/../lib/gcc/avr/4.3.3/avr5\libgcc.a(_exit.o)
automode                                          obj\Debug\Appmode.o
                                                  obj\Debug\main.o
counter                                           obj\Debug\main.o
exit                                              c:/winavr-20100110/bin/../lib/gcc/avr/4.3.3/avr5\libgcc.a(_exit.o)
                                                  c:/winavr-20100110/bin/../lib/gcc/avr/4.3.3/../../../../avr/lib/avr5/crtm328p.o
main                                              obj\Debug\main.o
                                                  c:/winavr-20100110/bin/../lib/gcc/avr/4.3.3/../../../../avr/lib/avr5/crtm328p.o
manualmode                                        obj\Debug\Appmode.o
                                                  obj\Debug\main.o
standbymode                                       obj\Debug\Appmode.o
                                                  obj\Debug\main.o
t                                                 obj\Debug\main.o
                                                  obj\Debug\Appmode.o
